Wrote 195 merged TRM rows to C:\projects\Hermes Skills\research\studies\2026-04-22-metta-trm-hermes-pipeline\artifacts\primehub_rollup_metta_comparison\variants\control\merged.jsonl
{"negative": 166, "exact_positive": 24, "weak_positive": 5}
Wrote critic model with 195 examples to C:\projects\Hermes Skills\research\studies\2026-04-22-metta-trm-hermes-pipeline\artifacts\primehub_rollup_metta_comparison\variants\control\models\trm_critic.json
{'negative': 166, 'exact_positive': 24, 'weak_positive': 5}
Wrote benchmark summary to C:\projects\Hermes Skills\research\studies\2026-04-22-metta-trm-hermes-pipeline\artifacts\primehub_rollup_metta_comparison\variants\control\bench\trm_critic_bench.summary.json
{"eval_rows": 32, "bucket_accuracy": 0.75, "per_family": {"primehub": {"rows": 32, "bucket_accuracy": 0.75, "avg_bucket_abs_error": 0.75, "visible_output_accuracy": 0.4688, "avg_grid_cell_accuracy_abs_error": null}}}
Wrote retriever model with 24 examples to C:\projects\Hermes Skills\research\studies\2026-04-22-metta-trm-hermes-pipeline\artifacts\primehub_rollup_metta_comparison\variants\control\models\trm_retriever.json
{"exact_positive": 24}
Wrote benchmark summary to C:\projects\Hermes Skills\research\studies\2026-04-22-metta-trm-hermes-pipeline\artifacts\primehub_rollup_metta_comparison\variants\control\bench\trm_retriever_bench.summary.json
{"eval_rows": 32, "exact_match_rate": 0.0625, "per_family": {"primehub": {"rows": 32, "exact_match_rate": 0.0625, "nonempty_prediction_rate": 1.0, "avg_similarity": 0.3618, "avg_grid_cell_accuracy": null}}}
Wrote router benchmark summary to C:\projects\Hermes Skills\research\studies\2026-04-22-metta-trm-hermes-pipeline\artifacts\primehub_rollup_metta_comparison\variants\control\bench\trm_router_bench.summary.json
{"eval_rows": 32, "retrieval_only": {"exact_match_rate": 0.0625, "nonempty_prediction_rate": 1.0, "avg_grid_cell_accuracy": null}, "critic_gated": {"exact_match_rate": 0.0, "nonempty_prediction_rate": 0.0938, "route_abstain_rate": 0.9062, "avg_grid_cell_accuracy": null}}
Wrote 219 merged TRM rows to C:\projects\Hermes Skills\research\studies\2026-04-22-metta-trm-hermes-pipeline\artifacts\primehub_rollup_metta_comparison\variants\control_plus_structured_map\merged.jsonl
{"negative": 172, "exact_positive": 42, "weak_positive": 5}
Wrote critic model with 219 examples to C:\projects\Hermes Skills\research\studies\2026-04-22-metta-trm-hermes-pipeline\artifacts\primehub_rollup_metta_comparison\variants\control_plus_structured_map\models\trm_critic.json
{'negative': 172, 'exact_positive': 42, 'weak_positive': 5}
Wrote benchmark summary to C:\projects\Hermes Skills\research\studies\2026-04-22-metta-trm-hermes-pipeline\artifacts\primehub_rollup_metta_comparison\variants\control_plus_structured_map\bench\trm_critic_bench.summary.json
{"eval_rows": 35, "bucket_accuracy": 0.7143, "per_family": {"primehub": {"rows": 32, "bucket_accuracy": 0.75, "avg_bucket_abs_error": 0.75, "visible_output_accuracy": 0.4688, "avg_grid_cell_accuracy_abs_error": null}, "primehub_structured_map__task_success": {"rows": 1, "bucket_accuracy": 0.0, "avg_bucket_abs_error": 3.0, "visible_output_accuracy": 1.0, "avg_grid_cell_accuracy_abs_error": null}, "primehub_structured_map__contract_validity": {"rows": 1, "bucket_accuracy": 0.0, "avg_bucket_abs_error": 3.0, "visible_output_accuracy": 1.0, "avg_grid_cell_accuracy_abs_error": null}, "primehub_structured_map__retrieval_selection_correctness": {"rows": 1, "bucket_accuracy": 1.0, "avg_bucket_abs_error": 0.0, "visible_output_accuracy": 1.0, "avg_grid_cell_accuracy_abs_error": null}}}
Wrote retriever model with 42 examples to C:\projects\Hermes Skills\research\studies\2026-04-22-metta-trm-hermes-pipeline\artifacts\primehub_rollup_metta_comparison\variants\control_plus_structured_map\models\trm_retriever.json
{"exact_positive": 42}
Wrote benchmark summary to C:\projects\Hermes Skills\research\studies\2026-04-22-metta-trm-hermes-pipeline\artifacts\primehub_rollup_metta_comparison\variants\control_plus_structured_map\bench\trm_retriever_bench.summary.json
{"eval_rows": 35, "exact_match_rate": 0.0571, "per_family": {"primehub": {"rows": 32, "exact_match_rate": 0.0625, "nonempty_prediction_rate": 1.0, "avg_similarity": 0.3618, "avg_grid_cell_accuracy": null}, "primehub_structured_map__task_success": {"rows": 1, "exact_match_rate": 0.0, "nonempty_prediction_rate": 1.0, "avg_similarity": 1.1205, "avg_grid_cell_accuracy": null}, "primehub_structured_map__contract_validity": {"rows": 1, "exact_match_rate": 0.0, "nonempty_prediction_rate": 1.0, "avg_similarity": 1.2124, "avg_grid_cell_accuracy": null}, "primehub_structured_map__retrieval_selection_correctness": {"rows": 1, "exact_match_rate": 0.0, "nonempty_prediction_rate": 1.0, "avg_similarity": 0.7236, "avg_grid_cell_accuracy": null}}}
Wrote router benchmark summary to C:\projects\Hermes Skills\research\studies\2026-04-22-metta-trm-hermes-pipeline\artifacts\primehub_rollup_metta_comparison\variants\control_plus_structured_map\bench\trm_router_bench.summary.json
{"eval_rows": 35, "retrieval_only": {"exact_match_rate": 0.0571, "nonempty_prediction_rate": 1.0, "avg_grid_cell_accuracy": null}, "critic_gated": {"exact_match_rate": 0.0, "nonempty_prediction_rate": 0.1714, "route_abstain_rate": 0.8286, "avg_grid_cell_accuracy": null}}
Wrote 380 merged TRM rows to C:\projects\Hermes Skills\research\studies\2026-04-22-metta-trm-hermes-pipeline\artifacts\primehub_rollup_metta_comparison\variants\control_plus_structured_map_and_if_summarize\merged.jsonl
{"negative": 208, "exact_positive": 167, "weak_positive": 5}
Wrote critic model with 380 examples to C:\projects\Hermes Skills\research\studies\2026-04-22-metta-trm-hermes-pipeline\artifacts\primehub_rollup_metta_comparison\variants\control_plus_structured_map_and_if_summarize\models\trm_critic.json
{'negative': 208, 'exact_positive': 167, 'weak_positive': 5}
Wrote benchmark summary to C:\projects\Hermes Skills\research\studies\2026-04-22-metta-trm-hermes-pipeline\artifacts\primehub_rollup_metta_comparison\variants\control_plus_structured_map_and_if_summarize\bench\trm_critic_bench.summary.json
{"eval_rows": 66, "bucket_accuracy": 0.7273, "per_family": {"primehub": {"rows": 32, "bucket_accuracy": 0.75, "avg_bucket_abs_error": 0.75, "visible_output_accuracy": 0.4688, "avg_grid_cell_accuracy_abs_error": null}, "primehub_structured_map__task_success": {"rows": 1, "bucket_accuracy": 0.0, "avg_bucket_abs_error": 3.0, "visible_output_accuracy": 1.0, "avg_grid_cell_accuracy_abs_error": null}, "primehub_structured_map__contract_validity": {"rows": 1, "bucket_accuracy": 0.0, "avg_bucket_abs_error": 3.0, "visible_output_accuracy": 1.0, "avg_grid_cell_accuracy_abs_error": null}, "primehub_structured_map__retrieval_selection_correctness": {"rows": 1, "bucket_accuracy": 1.0, "avg_bucket_abs_error": 0.0, "visible_output_accuracy": 1.0, "avg_grid_cell_accuracy_abs_error": null}, "primehub_constraint_summarize__contract_validity": {"rows": 11, "bucket_accuracy": 0.5455, "avg_bucket_abs_error": 1.3636, "visible_output_accuracy": 1.0, "avg_grid_cell_accuracy_abs_error": null}, "primehub_constraint_summarize__task_success": {"rows": 9, "bucket_accuracy": 0.6667, "avg_bucket_abs_error": 1.0, "visible_output_accuracy": 1.0, "avg_grid_cell_accuracy_abs_error": null}, "primehub_constraint_summarize__repair_success": {"rows": 3, "bucket_accuracy": 1.0, "avg_bucket_abs_error": 0.0, "visible_output_accuracy": 1.0, "avg_grid_cell_accuracy_abs_error": null}, "primehub_constraint_summarize__profile_selection_correctness": {"rows": 5, "bucket_accuracy": 1.0, "avg_bucket_abs_error": 0.0, "visible_output_accuracy": 1.0, "avg_grid_cell_accuracy_abs_error": null}, "primehub_constraint_summarize__retrieval_selection_correctness": {"rows": 3, "bucket_accuracy": 1.0, "avg_bucket_abs_error": 0.0, "visible_output_accuracy": 1.0, "avg_grid_cell_accuracy_abs_error": null}}}
Wrote retriever model with 167 examples to C:\projects\Hermes Skills\research\studies\2026-04-22-metta-trm-hermes-pipeline\artifacts\primehub_rollup_metta_comparison\variants\control_plus_structured_map_and_if_summarize\models\trm_retriever.json
{"exact_positive": 167}
Wrote benchmark summary to C:\projects\Hermes Skills\research\studies\2026-04-22-metta-trm-hermes-pipeline\artifacts\primehub_rollup_metta_comparison\variants\control_plus_structured_map_and_if_summarize\bench\trm_retriever_bench.summary.json
{"eval_rows": 66, "exact_match_rate": 0.1667, "per_family": {"primehub": {"rows": 32, "exact_match_rate": 0.0625, "nonempty_prediction_rate": 1.0, "avg_similarity": 0.3618, "avg_grid_cell_accuracy": null}, "primehub_structured_map__task_success": {"rows": 1, "exact_match_rate": 0.0, "nonempty_prediction_rate": 1.0, "avg_similarity": 1.1205, "avg_grid_cell_accuracy": null}, "primehub_structured_map__contract_validity": {"rows": 1, "exact_match_rate": 0.0, "nonempty_prediction_rate": 1.0, "avg_similarity": 1.2124, "avg_grid_cell_accuracy": null}, "primehub_structured_map__retrieval_selection_correctness": {"rows": 1, "exact_match_rate": 0.0, "nonempty_prediction_rate": 1.0, "avg_similarity": 0.7236, "avg_grid_cell_accuracy": null}, "primehub_constraint_summarize__contract_validity": {"rows": 11, "exact_match_rate": 0.4545, "nonempty_prediction_rate": 1.0, "avg_similarity": 1.0193, "avg_grid_cell_accuracy": null}, "primehub_constraint_summarize__task_success": {"rows": 9, "exact_match_rate": 0.4444, "nonempty_prediction_rate": 1.0, "avg_similarity": 1.0141, "avg_grid_cell_accuracy": null}, "primehub_constraint_summarize__repair_success": {"rows": 3, "exact_match_rate": 0.0, "nonempty_prediction_rate": 1.0, "avg_similarity": 0.8214, "avg_grid_cell_accuracy": null}, "primehub_constraint_summarize__profile_selection_correctness": {"rows": 5, "exact_match_rate": 0.0, "nonempty_prediction_rate": 1.0, "avg_similarity": 1.1018, "avg_grid_cell_accuracy": null}, "primehub_constraint_summarize__retrieval_selection_correctness": {"rows": 3, "exact_match_rate": 0.0, "nonempty_prediction_rate": 1.0, "avg_similarity": 1.0557, "avg_grid_cell_accuracy": null}}}
Wrote router benchmark summary to C:\projects\Hermes Skills\research\studies\2026-04-22-metta-trm-hermes-pipeline\artifacts\primehub_rollup_metta_comparison\variants\control_plus_structured_map_and_if_summarize\bench\trm_router_bench.summary.json
{"eval_rows": 66, "retrieval_only": {"exact_match_rate": 0.1667, "nonempty_prediction_rate": 1.0, "avg_grid_cell_accuracy": null}, "critic_gated": {"exact_match_rate": 0.1364, "nonempty_prediction_rate": 0.5152, "route_abstain_rate": 0.4848, "avg_grid_cell_accuracy": null}}
C:\projects\Hermes Skills\research\studies\2026-04-22-metta-trm-hermes-pipeline\artifacts\primehub_rollup_metta_comparison\comparison.summary.json
