{'train:realq': 900, 'val:realq': 116, 'test:TQ': 148, 'test:TQs': 148, 'train:real': 900, 'val:real': 116, 'train:synthetic': 2282, 'val:synthetic': 451, 'test:T8': 148, 'test:T8s': 148, 'test:T27': 148, 'test:synthetic': 1118}
real typed n=25: done (6s)
real typed n=50: done (9s)
real typed n=100: done (13s)
real typed n=200: done (17s)
real typed n=400: done (23s)
real typed n=None: done (33s)
real raw n=25: done (36s)
real raw n=50: done (40s)
real raw n=100: done (44s)
real raw n=200: done (50s)
real raw n=400: done (59s)
real raw n=None: done (70s)
real typed+raw n=25: done (74s)
real typed+raw n=50: done (78s)
real typed+raw n=100: done (83s)
real typed+raw n=200: done (90s)
real typed+raw n=400: done (101s)
real typed+raw n=None: done (114s)
synthetic typed n=25: done (118s)
synthetic typed n=50: done (124s)
synthetic typed n=100: done (129s)
synthetic typed n=200: done (134s)
synthetic typed n=400: done (141s)
synthetic typed n=None: done (162s)
synthetic raw n=25: done (167s)
synthetic raw n=50: done (172s)
synthetic raw n=100: done (177s)
synthetic raw n=200: done (184s)
synthetic raw n=400: done (192s)
synthetic raw n=None: done (215s)
synthetic typed+raw n=25: done (220s)
synthetic typed+raw n=50: done (225s)
synthetic typed+raw n=100: done (230s)
synthetic typed+raw n=200: done (236s)
synthetic typed+raw n=400: done (245s)
synthetic typed+raw n=None: done (264s)
realq typed n=25: done (266s)
realq typed n=50: done (268s)
realq typed n=100: done (271s)
realq typed n=200: done (276s)
realq typed n=400: done (281s)
realq typed n=None: done (291s)
realq raw n=25: done (295s)
realq raw n=50: done (298s)
realq raw n=100: done (303s)
realq raw n=200: done (308s)
realq raw n=400: done (316s)
realq raw n=None: done (326s)
realq typed+raw n=25: done (328s)
realq typed+raw n=50: done (331s)
realq typed+raw n=100: done (333s)
realq typed+raw n=200: done (336s)
realq typed+raw n=400: done (340s)
realq typed+raw n=None: done (346s)
